Microchip MPLAB XC8 Compiler V1.44 ()

Linker command line:

-W-3 --edf=D:\Program Files\Microchip\xc8\v1.44\dat\en_msgs.txt -cs \
  -h+dist/default/production\Dimming.X.production.sym \
  --cmf=dist/default/production\Dimming.X.production.cmf -z -Q12F1572 \
  -oC:\Users\NIUMIA~1\AppData\Local\Temp\s83o.2 \
  -Mdist/default/production/Dimming.X.production.map -E1 -ver=XC8 \
  -ASTACK=02064h-020efh -pstack=STACK -ACODE=00h-07FFh -ASTRCODE=00h-07FFh \
  -ASTRING=00h-0FFhx8 -ACONST=00h-0FFhx8 -AENTRY=00h-0FFhx8 \
  -ACOMMON=070h-07Fh -ABANK0=020h-06Fh -ABANK1=0A0h-0EFh \
  -ABANK2=0120h-016Fh -ABIGRAM=02000h-020EFh \
  -ARAM=020h-06Fh,0A0h-0EFh,0120h-016Fh \
  -AABS1=020h-07Fh,0A0h-0EFh,0120h-016Fh -ASFR0=00h-01Fh -ASFR1=080h-09Fh \
  -ASFR2=0100h-011Fh -ASFR3=0180h-01EFh -ASFR4=0200h-026Fh \
  -ASFR5=0280h-02EFh -ASFR6=0300h-036Fh -ASFR7=0380h-03EFh \
  -ASFR8=0400h-046Fh -ASFR9=0480h-04EFh -ASFR10=0500h-056Fh \
  -ASFR11=0580h-05EFh -ASFR12=0600h-066Fh -ASFR13=0680h-06EFh \
  -ASFR14=0700h-076Fh -ASFR15=0780h-07EFh -ASFR16=0800h-086Fh \
  -ASFR17=0880h-08EFh -ASFR18=0900h-096Fh -ASFR19=0980h-09EFh \
  -ASFR20=0A00h-0A6Fh -ASFR21=0A80h-0AEFh -ASFR22=0B00h-0B6Fh \
  -ASFR23=0B80h-0BEFh -ASFR24=0C00h-0C6Fh -ASFR25=0C80h-0CEFh \
  -ASFR26=0D00h-0D6Fh -ASFR27=0D80h-0DEFh -ASFR28=0E00h-0E6Fh \
  -ASFR29=0E80h-0EEFh -ASFR30=0F00h-0F6Fh -ASFR31=0F80h-0FEFh \
  -preset_vec=00h,intentry=04h,init,end_init -ppowerup=CODE -pcinit=CODE \
  -pfunctab=ENTRY -ACONFIG=08007h-08008h -pconfig=CONFIG -DCONFIG=2 \
  -AIDLOC=08000h-08003h -pidloc=IDLOC -DIDLOC=2 -DCODE=2 -DSTRCODE=2 \
  -DSTRING=2 -DCONST=2 -DENTRY=2 -k \
  C:\Users\NIUMIA~1\AppData\Local\Temp\s83o.obj \
  dist/default/production\Dimming.X.production.obj 

Object code version is 3.11

Machine type is 12F1572



                Name                               Link     Load   Length Selector   Space Scale
C:\Users\NIUMIA~1\AppData\Local\Temp\s83o.obj
                end_init                             15       15        1        8       0
                reset_vec                             0        0        1        0       0
                config                             8007     8007        2    1000E       0
dist/default/production\Dimming.X.production.obj
                cinit                                16       16       15        8       0
                intentry                              4        4       11        8       0
                text24                              321      321        6        8       0
                text23                              330      330        3        8       0
                text22                              224      224       32        8       0
                text21                              2E4      2E4        C        8       0
                text19                              1BD      1BD       35        8       0
                text18                              17B      17B       42        8       0
                text17                              2B4      2B4       15        8       0
                text16                               2B       2B       BE        8       0
                text15                              298      298       1C        8       0
                text14                              135      135       46        8       0
                text13                              2C9      2C9        E        8       0
                text12                              2D7      2D7        D        8       0
                text11                              1F2      1F2       32        8       0
                text10                              2F0      2F0        B        8       0
                text9                               305      305        9        8       0
                text8                               27C      27C       1C        8       0
                text7                               32D      32D        3        8       0
                text6                               256      256       26        8       0
                text5                               31B      31B        6        8       0
                text4                               30E      30E        7        8       0
                text3                               2FB      2FB        A        8       0
                text2                               32A      32A        3        8       0
                text1                               327      327        3        8       0
                maintext                             E9       E9       4C        8       0
                cstackBANK0                          20       20       25       20       1
                cstackCOMMON                         70       70        5       70       1
                clrtext                             315      315        6        8       0
                bssBANK1                             A0       A0       14       A0       1
                bssBANK0                             45       45       1D       20       1
                dataCOMMON                           79       79        1       70       1
                bssCOMMON                            75       75        4       70       1
                idataCOMMON                         333      333        1        8       0

TOTAL           Name                               Link     Load   Length     Space
        CLASS   STACK          

        CLASS   CODE           
                end_init                             15       15        1         0
                cinit                                16       16       15         0
                intentry                              4        4       11         0
                reset_vec                             0        0        1         0
                text24                              321      321        6         0
                text23                              330      330        3         0
                text22                              224      224       32         0
                text21                              2E4      2E4        C         0
                text19                              1BD      1BD       35         0
                text18                              17B      17B       42         0
                text17                              2B4      2B4       15         0
                text16                               2B       2B       BE         0
                text15                              298      298       1C         0
                text14                              135      135       46         0
                text13                              2C9      2C9        E         0
                text12                              2D7      2D7        D         0
                text11                              1F2      1F2       32         0
                text10                              2F0      2F0        B         0
                text9                               305      305        9         0
                text8                               27C      27C       1C         0
                text7                               32D      32D        3         0
                text6                               256      256       26         0
                text5                               31B      31B        6         0
                text4                               30E      30E        7         0
                text3                               2FB      2FB        A         0
                text2                               32A      32A        3         0
                text1                               327      327        3         0
                maintext                             E9       E9       4C         0
                clrtext                             315      315        6         0
                idataCOMMON                         333      333        1         0

        CLASS   STRCODE        

        CLASS   STRING         

        CLASS   CONST          

        CLASS   ENTRY          

        CLASS   COMMON         
                cstackCOMMON                         70       70        5         1
                dataCOMMON                           79       79        1         1
                bssCOMMON                            75       75        4         1

        CLASS   BANK0          
                cstackBANK0                          20       20       25         1
                bssBANK0                             45       45       1D         1

        CLASS   BANK1          
                bssBANK1                             A0       A0       14         1

        CLASS   BANK2          

        CLASS   BIGRAM         

        CLASS   RAM            

        CLASS   ABS1           
                abs_s1                               7E       7E        2         1

        CLASS   SFR0           

        CLASS   SFR1           

        CLASS   SFR2           

        CLASS   SFR3           

        CLASS   SFR4           

        CLASS   SFR5           

        CLASS   SFR6           

        CLASS   SFR7           

        CLASS   SFR8           

        CLASS   SFR9           

        CLASS   SFR10          

        CLASS   SFR11          

        CLASS   SFR12          

        CLASS   SFR13          

        CLASS   SFR14          

        CLASS   SFR15          

        CLASS   SFR16          

        CLASS   SFR17          

        CLASS   SFR18          

        CLASS   SFR19          

        CLASS   SFR20          

        CLASS   SFR21          

        CLASS   SFR22          

        CLASS   SFR23          

        CLASS   SFR24          

        CLASS   SFR25          

        CLASS   SFR26          

        CLASS   SFR27          

        CLASS   SFR28          

        CLASS   SFR29          

        CLASS   SFR30          

        CLASS   SFR31          

        CLASS   CONFIG         
                config                             8007     8007        2         0

        CLASS   IDLOC          

        CLASS   BANK31         

        CLASS   BANK30         

        CLASS   BANK29         

        CLASS   BANK28         

        CLASS   BANK27         

        CLASS   BANK26         

        CLASS   BANK25         

        CLASS   BANK24         

        CLASS   BANK23         

        CLASS   BANK22         

        CLASS   BANK21         

        CLASS   BANK20         

        CLASS   BANK19         

        CLASS   BANK18         

        CLASS   BANK17         

        CLASS   BANK16         

        CLASS   BANK15         

        CLASS   BANK14         

        CLASS   BANK13         

        CLASS   BANK12         

        CLASS   BANK11         

        CLASS   BANK10         

        CLASS   BANK9          

        CLASS   BANK8          

        CLASS   BANK7          

        CLASS   BANK6          

        CLASS   BANK5          

        CLASS   BANK4          

        CLASS   BANK3          

        CLASS   EEDATA         



SEGMENTS        Name                           Load    Length   Top    Selector   Space  Class     Delta

                reset_vec                      000000  000001  000001         0       0  CODE        2
                intentry                       000004  000330  000334         8       0  CODE        2
                cstackBANK0                    000020  000042  000062        20       1  BANK0       1
                cstackCOMMON                   000070  00000A  00007A        70       1  COMMON      1
                bssBANK1                       0000A0  000014  0000B4        A0       1  BANK1       1
                config                         008007  000002  008009     1000E       0  CONFIG      2


UNUSED ADDRESS RANGES

        Name                Unused          Largest block    Delta
        BANK0            00062-0006F               E           1
        BANK1            000B4-000EF              3C           1
        BANK2            00120-0016F              50           1
        BIGRAM           02000-020EF              F0           1
        CODE             00001-00003               3           2
                         00334-007FF             4CC
        COMMON           0007A-0007D               4           1
        CONST            00001-00003               3           2
                         00334-007FF             100
        ENTRY            00001-00003               3           2
                         00334-007FF             100
        IDLOC            08000-08003               4           2
        RAM              00062-0006F               E           1
                         000B4-000EF              3C
                         00120-0016F              50
        SFR0             00000-0001F              20           1
        SFR1             00080-0009F              20           1
        SFR10            00500-0056F              70           1
        SFR11            00580-005EF              70           1
        SFR12            00600-0066F              70           1
        SFR13            00680-006EF              70           1
        SFR14            00700-0076F              70           1
        SFR15            00780-007EF              70           1
        SFR16            00800-0086F              70           1
        SFR17            00880-008EF              70           1
        SFR18            00900-0096F              70           1
        SFR19            00980-009EF              70           1
        SFR2             00100-0011F              20           1
        SFR20            00A00-00A6F              70           1
        SFR21            00A80-00AEF              70           1
        SFR22            00B00-00B6F              70           1
        SFR23            00B80-00BEF              70           1
        SFR24            00C00-00C6F              70           1
        SFR25            00C80-00CEF              70           1
        SFR26            00D00-00D6F              70           1
        SFR27            00D80-00DEF              70           1
        SFR28            00E00-00E6F              70           1
        SFR29            00E80-00EEF              70           1
        SFR3             00180-001EF              70           1
        SFR30            00F00-00F6F              70           1
        SFR31            00F80-00FEF              70           1
        SFR4             00200-0026F              70           1
        SFR5             00280-002EF              70           1
        SFR6             00300-0036F              70           1
        SFR7             00380-003EF              70           1
        SFR8             00400-0046F              70           1
        SFR9             00480-004EF              70           1
        STACK            02064-020EF              8C           1
        STRCODE          00001-00003               3           2
                         00334-007FF             4CC
        STRING           00001-00003               3           2
                         00334-007FF             100

                                  Symbol Table

?___lwdiv                      cstackBANK0  00020
?___wmul                       cstackBANK0  00020
?_getADC                       cstackBANK0  00020
_ADCON0bits                    (abs)        0009D
_ADCON1bits                    (abs)        0009E
_ADRES                         (abs)        0009B
_ANSELAbits                    (abs)        0018C
_INTCONbits                    (abs)        0000B
_ISR                           intentry     00004
_LATAbits                      (abs)        0010C
_OSCCONbits                    (abs)        00099
_OSCSTATbits                   (abs)        0009A
_OSCTUNEbits                   (abs)        00098
_PIE1bits                      (abs)        00091
_PIR1bits                      (abs)        00011
_PR2                           (abs)        0001B
_PWM3CLKCONbits                (abs)        00DBE
_PWM3CONbits                   (abs)        00DBB
_PWM3DC                        (abs)        00DB3
_PWM3INTE                      (abs)        00DBC
_PWM3INTF                      (abs)        00DBD
_PWM3LDCONbits                 (abs)        00DBF
_PWM3OF                        (abs)        00DB7
_PWM3OFCONbits                 (abs)        00DC0
_PWM3PH                        (abs)        00DB1
_PWM3PR                        (abs)        00DB5
_PWM3TMR                       (abs)        00DB9
_T2CONbits                     (abs)        0001C
_TRISAbits                     (abs)        0008C
__CFG_BOREN$OFF                (abs)        00000
__CFG_BORV$LO                  (abs)        00000
__CFG_CLKOUTEN$OFF             (abs)        00000
__CFG_CP$OFF                   (abs)        00000
__CFG_FOSC$INTOSC              (abs)        00000
__CFG_LPBOREN$OFF              (abs)        00000
__CFG_LVP$ON                   (abs)        00000
__CFG_MCLRE$ON                 (abs)        00000
__CFG_PLLEN$OFF                (abs)        00000
__CFG_PWRTE$ON                 (abs)        00000
__CFG_STVREN$ON                (abs)        00000
__CFG_WDTE$ON                  (abs)        00000
__CFG_WRT$OFF                  (abs)        00000
__Habs1                        abs1         00000
__Hbank0                       bank0        00000
__Hbank1                       bank1        00000
__Hbank10                      bank10       00000
__Hbank11                      bank11       00000
__Hbank12                      bank12       00000
__Hbank13                      bank13       00000
__Hbank14                      bank14       00000
__Hbank15                      bank15       00000
__Hbank16                      bank16       00000
__Hbank17                      bank17       00000
__Hbank18                      bank18       00000
__Hbank19                      bank19       00000
__Hbank2                       bank2        00000
__Hbank20                      bank20       00000
__Hbank21                      bank21       00000
__Hbank22                      bank22       00000
__Hbank23                      bank23       00000
__Hbank24                      bank24       00000
__Hbank25                      bank25       00000
__Hbank26                      bank26       00000
__Hbank27                      bank27       00000
__Hbank28                      bank28       00000
__Hbank29                      bank29       00000
__Hbank3                       bank3        00000
__Hbank30                      bank30       00000
__Hbank31                      bank31       00000
__Hbank4                       bank4        00000
__Hbank5                       bank5        00000
__Hbank6                       bank6        00000
__Hbank7                       bank7        00000
__Hbank8                       bank8        00000
__Hbank9                       bank9        00000
__Hbigram                      bigram       00000
__HbssBANK0                    bssBANK0     00000
__HbssBANK1                    bssBANK1     00000
__HbssCOMMON                   bssCOMMON    00000
__Hcinit                       cinit        0002B
__Hclrtext                     clrtext      00000
__Hcode                        code         00000
__Hcommon                      common       00000
__Hconfig                      config       08009
__HcstackBANK0                 cstackBANK0  00000
__HcstackCOMMON                cstackCOMMON 00000
__HdataCOMMON                  dataCOMMON   00000
__Heeprom_data                 eeprom_data  00000
__Hend_init                    end_init     00016
__Hfunctab                     functab      00000
__HidataCOMMON                 idataCOMMON  00000
__Hidloc                       idloc        00000
__Hinit                        init         00015
__Hintentry                    intentry     00015
__Hmaintext                    maintext     00000
__Hpowerup                     powerup      00000
__Hram                         ram          00000
__Hreset_vec                   reset_vec    00001
__Hsfr0                        sfr0         00000
__Hsfr1                        sfr1         00000
__Hsfr10                       sfr10        00000
__Hsfr11                       sfr11        00000
__Hsfr12                       sfr12        00000
__Hsfr13                       sfr13        00000
__Hsfr14                       sfr14        00000
__Hsfr15                       sfr15        00000
__Hsfr16                       sfr16        00000
__Hsfr17                       sfr17        00000
__Hsfr18                       sfr18        00000
__Hsfr19                       sfr19        00000
__Hsfr2                        sfr2         00000
__Hsfr20                       sfr20        00000
__Hsfr21                       sfr21        00000
__Hsfr22                       sfr22        00000
__Hsfr23                       sfr23        00000
__Hsfr24                       sfr24        00000
__Hsfr25                       sfr25        00000
__Hsfr26                       sfr26        00000
__Hsfr27                       sfr27        00000
__Hsfr28                       sfr28        00000
__Hsfr29                       sfr29        00000
__Hsfr3                        sfr3         00000
__Hsfr30                       sfr30        00000
__Hsfr31                       sfr31        00000
__Hsfr4                        sfr4         00000
__Hsfr5                        sfr5         00000
__Hsfr6                        sfr6         00000
__Hsfr7                        sfr7         00000
__Hsfr8                        sfr8         00000
__Hsfr9                        sfr9         00000
__Hspace_0                     (abs)        08009
__Hspace_1                     (abs)        000B4
__Hspace_2                     (abs)        00000
__Hspace_3                     (abs)        00000
__Hstack                       stack        00000
__Hstrings                     strings      00000
__Htext                        text         00000
__Labs1                        abs1         00000
__Lbank0                       bank0        00000
__Lbank1                       bank1        00000
__Lbank10                      bank10       00000
__Lbank11                      bank11       00000
__Lbank12                      bank12       00000
__Lbank13                      bank13       00000
__Lbank14                      bank14       00000
__Lbank15                      bank15       00000
__Lbank16                      bank16       00000
__Lbank17                      bank17       00000
__Lbank18                      bank18       00000
__Lbank19                      bank19       00000
__Lbank2                       bank2        00000
__Lbank20                      bank20       00000
__Lbank21                      bank21       00000
__Lbank22                      bank22       00000
__Lbank23                      bank23       00000
__Lbank24                      bank24       00000
__Lbank25                      bank25       00000
__Lbank26                      bank26       00000
__Lbank27                      bank27       00000
__Lbank28                      bank28       00000
__Lbank29                      bank29       00000
__Lbank3                       bank3        00000
__Lbank30                      bank30       00000
__Lbank31                      bank31       00000
__Lbank4                       bank4        00000
__Lbank5                       bank5        00000
__Lbank6                       bank6        00000
__Lbank7                       bank7        00000
__Lbank8                       bank8        00000
__Lbank9                       bank9        00000
__Lbigram                      bigram       00000
__LbssBANK0                    bssBANK0     00000
__LbssBANK1                    bssBANK1     00000
__LbssCOMMON                   bssCOMMON    00000
__Lcinit                       cinit        00016
__Lclrtext                     clrtext      00000
__Lcode                        code         00000
__Lcommon                      common       00000
__Lconfig                      config       08007
__LcstackBANK0                 cstackBANK0  00000
__LcstackCOMMON                cstackCOMMON 00000
__LdataCOMMON                  dataCOMMON   00000
__Leeprom_data                 eeprom_data  00000
__Lend_init                    end_init     00015
__Lfunctab                     functab      00000
__LidataCOMMON                 idataCOMMON  00000
__Lidloc                       idloc        00000
__Linit                        init         00015
__Lintentry                    intentry     00004
__Lmaintext                    maintext     00000
__Lpowerup                     powerup      00000
__Lram                         ram          00000
__Lreset_vec                   reset_vec    00000
__Lsfr0                        sfr0         00000
__Lsfr1                        sfr1         00000
__Lsfr10                       sfr10        00000
__Lsfr11                       sfr11        00000
__Lsfr12                       sfr12        00000
__Lsfr13                       sfr13        00000
__Lsfr14                       sfr14        00000
__Lsfr15                       sfr15        00000
__Lsfr16                       sfr16        00000
__Lsfr17                       sfr17        00000
__Lsfr18                       sfr18        00000
__Lsfr19                       sfr19        00000
__Lsfr2                        sfr2         00000
__Lsfr20                       sfr20        00000
__Lsfr21                       sfr21        00000
__Lsfr22                       sfr22        00000
__Lsfr23                       sfr23        00000
__Lsfr24                       sfr24        00000
__Lsfr25                       sfr25        00000
__Lsfr26                       sfr26        00000
__Lsfr27                       sfr27        00000
__Lsfr28                       sfr28        00000
__Lsfr29                       sfr29        00000
__Lsfr3                        sfr3         00000
__Lsfr30                       sfr30        00000
__Lsfr31                       sfr31        00000
__Lsfr4                        sfr4         00000
__Lsfr5                        sfr5         00000
__Lsfr6                        sfr6         00000
__Lsfr7                        sfr7         00000
__Lsfr8                        sfr8         00000
__Lsfr9                        sfr9         00000
__Lspace_0                     (abs)        00000
__Lspace_1                     (abs)        00000
__Lspace_2                     (abs)        00000
__Lspace_3                     (abs)        00000
__Lstack                       stack        00000
__Lstrings                     strings      00000
__Ltext                        text         00000
__S0                           (abs)        08009
__S1                           (abs)        000B4
__S2                           (abs)        00000
___int_sp                      stack        00000
___latbits                     (abs)        00000
___lwdiv                       text19       001BD
___lwdiv@counter               cstackBANK0  00025
___lwdiv@dividend              cstackBANK0  00022
___lwdiv@divisor               cstackBANK0  00020
___lwdiv@quotient              cstackBANK0  00026
___sp                          stack        00000
___wmul                        text15       00298
___wmul@multiplicand           cstackBANK0  00022
___wmul@multiplier             cstackBANK0  00020
___wmul@product                cstackBANK0  00024
__end_of_ISR                   intentry     00015
__end_of___lwdiv               text19       001F2
__end_of___wmul                text15       002B4
__end_of__initialization       cinit        00028
__end_of_adc_filter            text18       001BD
__end_of_adc_gather            text16       000E9
__end_of_adc_gather_init       text14       0017B
__end_of_adc_init              text13       002D7
__end_of_getADC                text17       002C9
__end_of_gpio_init             text12       002E4
__end_of_led_update_state      text11       00224
__end_of_main                  maintext     00135
__end_of_osc_init              text10       002FB
__end_of_pwm_dutyCycle_set     text9        0030E
__end_of_pwm_init              text8        00298
__end_of_pwm_loadBuffer_set    text7        00330
__end_of_pwm_run               text22       00256
__end_of_pwm_update_duty       text6        0027C
__end_of_set_interrupt_handle  text4        00315
__end_of_tmr2_init             text3        00305
__end_of_tmr2_isr              text21       002F0
__end_of_tmr2_isr_enable       text2        0032D
__end_of_tmr2_set_handler      text5        00321
__end_of_tmr2_start            text1        0032A
__end_ofi1_pwm_dutyCycle_set   text24       00327
__end_ofi1_pwm_loadBuffer_set  text23       00333
__initialization               cinit        00016
__pbssBANK0                    bssBANK0     00045
__pbssBANK1                    bssBANK1     000A0
__pbssCOMMON                   bssCOMMON    00075
__pcstackBANK0                 cstackBANK0  00020
__pcstackCOMMON                cstackCOMMON 00070
__pdataCOMMON                  dataCOMMON   00079
__pidataCOMMON                 idataCOMMON  00333
__pintentry                    intentry     00004
__pmaintext                    maintext     000E9
__ptext1                       text1        00327
__ptext10                      text10       002F0
__ptext11                      text11       001F2
__ptext12                      text12       002D7
__ptext13                      text13       002C9
__ptext14                      text14       00135
__ptext15                      text15       00298
__ptext16                      text16       0002B
__ptext17                      text17       002B4
__ptext18                      text18       0017B
__ptext19                      text19       001BD
__ptext2                       text2        0032A
__ptext21                      text21       002E4
__ptext22                      text22       00224
__ptext23                      text23       00330
__ptext24                      text24       00321
__ptext3                       text3        002FB
__ptext4                       text4        0030E
__ptext5                       text5        0031B
__ptext6                       text6        00256
__ptext7                       text7        0032D
__ptext8                       text8        0027C
__ptext9                       text9        00305
__size_of_ISR                  (abs)        00000
__size_of___lwdiv              (abs)        00000
__size_of___wmul               (abs)        00000
__size_of_adc_filter           (abs)        00000
__size_of_adc_gather           (abs)        00000
__size_of_adc_gather_init      (abs)        00000
__size_of_adc_init             (abs)        00000
__size_of_getADC               (abs)        00000
__size_of_gpio_init            (abs)        00000
__size_of_led_update_state     (abs)        00000
__size_of_main                 (abs)        00000
__size_of_osc_init             (abs)        00000
__size_of_pwm_dutyCycle_set    (abs)        00000
__size_of_pwm_init             (abs)        00000
__size_of_pwm_loadBuffer_set   (abs)        00000
__size_of_pwm_run              (abs)        00000
__size_of_pwm_update_duty      (abs)        00000
__size_of_set_interrupt_handle (abs)        00000
__size_of_tmr2_init            (abs)        00000
__size_of_tmr2_isr             (abs)        00000
__size_of_tmr2_isr_enable      (abs)        00000
__size_of_tmr2_set_handler     (abs)        00000
__size_of_tmr2_start           (abs)        00000
__size_ofi1_pwm_dutyCycle_set  (abs)        00000
__size_ofi1_pwm_loadBuffer_set (abs)        00000
_adc_filter                    text18       0017B
_adc_filter_buf                bssBANK0     00045
_adc_filter_value              bssCOMMON    00077
_adc_gather                    text16       0002B
_adc_gather_init               text14       00135
_adc_gather_value              bssBANK0     0005D
_adc_init                      text13       002C9
_current_value                 bssCOMMON    00075
_getADC                        text17       002B4
_gpio_init                     text12       002D7
_led_update_state              text11       001F2
_main                          maintext     000E9
_on                            dataCOMMON   00079
_osc_init                      text10       002F0
_pwm_dutyCycle_set             text9        00305
_pwm_init                      text8        0027C
_pwm_loadBuffer_set            text7        0032D
_pwm_run                       text22       00224
_pwm_update_duty               text6        00256
_set_interrupt_handle          text4        0030E
_target_value                  bssBANK0     0005B
_tmr2_init                     text3        002FB
_tmr2_isr                      text21       002E4
_tmr2_isr_enable               text2        0032A
_tmr2_isr_handler              bssBANK0     00059
_tmr2_set_handler              text5        0031B
_tmr2_start                    text1        00327
adc_filter@i                   cstackBANK0  0002C
adc_filter@index               bssBANK0     00061
adc_filter@sum                 cstackBANK0  0002A
adc_gather@F3555               bssBANK1     000A0
adc_gather@i                   cstackBANK0  00041
adc_gather@j                   cstackBANK0  00040
adc_gather@sum                 cstackBANK0  0003E
adc_gather@temp                cstackBANK0  0003C
adc_gather@value_buf           cstackBANK0  00028
adc_gather_init@i              cstackBANK0  0002B
adc_gather_init@sum            cstackBANK0  00029
btemp                          (abs)        0007E
clear_ram0                     clrtext      00315
end_of_initialization          cinit        00028
i1_pwm_dutyCycle_set           text24       00321
i1_pwm_loadBuffer_set          text23       00330
i1pwm_dutyCycle_set@duty       cstackCOMMON 00070
int$flags                      (abs)        0007E
intlevel0                      functab      00000
intlevel1                      functab      00000
intlevel2                      functab      00000
intlevel3                      functab      00000
intlevel4                      functab      00000
intlevel5                      functab      00000
led_update_state@cnt_off       bssBANK0     0005F
led_update_state@cnt_on        bssBANK0     00060
main@i                         cstackBANK0  00044
pwm_dutyCycle_set@duty         cstackBANK0  00020
reset_vec                      reset_vec    00000
stackhi                        (abs)        020EF
stacklo                        (abs)        02064
start                          init         00015
start_initialization           cinit        00016
tmr2_set_handler@handler       cstackBANK0  00020
wtemp0                         (abs)        0007E


FUNCTION INFORMATION:

 *************** function _main *****************
 Defined at:
		line 166 in file "src/main.c"
 Parameters:    Size  Location     Type
		None
 Auto vars:     Size  Location     Type
  i               1   36[BANK0 ] unsigned char 
 Return value:  Size  Location     Type
                  1    wreg      void 
 Registers used:
		wreg, fsr0l, fsr0h, fsr1l, fsr1h, status,2, status,0, pclath, cstack
 Tracked objects:
		On entry : 
		On exit  : 
		Unchanged: 
 Data sizes:     COMMON   BANK0   BANK1   BANK2
      Params:         0       0       0       0
      Locals:         0       1       0       0
      Temps:          0       2       0       0
      Totals:         0       3       0       0
Total ram usage:        3 bytes
 Hardware stack levels required when called:    6
 This function calls:
		_adc_filter
		_adc_gather
		_adc_gather_init
		_adc_init
		_gpio_init
		_led_update_state
		_osc_init
		_pwm_dutyCycle_set
		_pwm_init
		_pwm_loadBuffer_set
		_pwm_update_duty
		_set_interrupt_handle
		_tmr2_init
		_tmr2_isr_enable
		_tmr2_start
 This function is called by:
		Startup code after reset
 This function uses a non-reentrant model


 *************** function _tmr2_start *****************
 Defined at:
		line 13 in file "src/drv_trm2.c"
 Parameters:    Size  Location     Type
		None
 Auto vars:     Size  Location     Type
		None
 Return value:  Size  Location     Type
                  1    wreg      void 
 Registers used:
		None
 Tracked objects:
		On entry : 
		On exit  : 
		Unchanged: 
 Data sizes:     COMMON   BANK0   BANK1   BANK2
      Params:         0       0       0       0
      Locals:         0       0       0       0
      Temps:          0       0       0       0
      Totals:         0       0       0       0
Total ram usage:        0 bytes
 Hardware stack levels used:    1
 Hardware stack levels required when called:    4
 This function calls:
		Nothing
 This function is called by:
		_main
 This function uses a non-reentrant model


 *************** function _tmr2_isr_enable *****************
 Defined at:
		line 21 in file "src/drv_trm2.c"
 Parameters:    Size  Location     Type
		None
 Auto vars:     Size  Location     Type
		None
 Return value:  Size  Location     Type
                  1    wreg      void 
 Registers used:
		None
 Tracked objects:
		On entry : 
		On exit  : 
		Unchanged: 
 Data sizes:     COMMON   BANK0   BANK1   BANK2
      Params:         0       0       0       0
      Locals:         0       0       0       0
      Temps:          0       0       0       0
      Totals:         0       0       0       0
Total ram usage:        0 bytes
 Hardware stack levels used:    1
 Hardware stack levels required when called:    4
 This function calls:
		Nothing
 This function is called by:
		_main
 This function uses a non-reentrant model


 *************** function _tmr2_init *****************
 Defined at:
		line 5 in file "src/drv_trm2.c"
 Parameters:    Size  Location     Type
		None
 Auto vars:     Size  Location     Type
		None
 Return value:  Size  Location     Type
                  1    wreg      void 
 Registers used:
		wreg, status,2, status,0
 Tracked objects:
		On entry : 
		On exit  : 
		Unchanged: 
 Data sizes:     COMMON   BANK0   BANK1   BANK2
      Params:         0       0       0       0
      Locals:         0       0       0       0
      Temps:          0       0       0       0
      Totals:         0       0       0       0
Total ram usage:        0 bytes
 Hardware stack levels used:    1
 Hardware stack levels required when called:    4
 This function calls:
		Nothing
 This function is called by:
		_main
 This function uses a non-reentrant model


 *************** function _set_interrupt_handle *****************
 Defined at:
		line 162 in file "src/main.c"
 Parameters:    Size  Location     Type
		None
 Auto vars:     Size  Location     Type
		None
 Return value:  Size  Location     Type
                  1    wreg      void 
 Registers used:
		wreg, status,2, status,0, pclath, cstack
 Tracked objects:
		On entry : 
		On exit  : 
		Unchanged: 
 Data sizes:     COMMON   BANK0   BANK1   BANK2
      Params:         0       0       0       0
      Locals:         0       0       0       0
      Temps:          0       0       0       0
      Totals:         0       0       0       0
Total ram usage:        0 bytes
 Hardware stack levels used:    1
 Hardware stack levels required when called:    5
 This function calls:
		_tmr2_set_handler
 This function is called by:
		_main
 This function uses a non-reentrant model


 *************** function _tmr2_set_handler *****************
 Defined at:
		line 36 in file "src/drv_trm2.c"
 Parameters:    Size  Location     Type
  handler         2    0[BANK0 ] PTR FTN()void 
		 -> pwm_run(1), 
 Auto vars:     Size  Location     Type
		None
 Return value:  Size  Location     Type
                  1    wreg      void 
 Registers used:
		wreg
 Tracked objects:
		On entry : 
		On exit  : 
		Unchanged: 
 Data sizes:     COMMON   BANK0   BANK1   BANK2
      Params:         0       2       0       0
      Locals:         0       0       0       0
      Temps:          0       0       0       0
      Totals:         0       2       0       0
Total ram usage:        2 bytes
 Hardware stack levels used:    1
 Hardware stack levels required when called:    4
 This function calls:
		Nothing
 This function is called by:
		_set_interrupt_handle
 This function uses a non-reentrant model


 *************** function _pwm_update_duty *****************
 Defined at:
		line 138 in file "src/main.c"
 Parameters:    Size  Location     Type
		None
 Auto vars:     Size  Location     Type
		None
 Return value:  Size  Location     Type
                  1    wreg      void 
 Registers used:
		wreg, status,2, status,0, pclath, cstack
 Tracked objects:
		On entry : 
		On exit  : 
		Unchanged: 
 Data sizes:     COMMON   BANK0   BANK1   BANK2
      Params:         0       0       0       0
      Locals:         0       0       0       0
      Temps:          0       0       0       0
      Totals:         0       0       0       0
Total ram usage:        0 bytes
 Hardware stack levels used:    1
 Hardware stack levels required when called:    5
 This function calls:
		___wmul
 This function is called by:
		_main
 This function uses a non-reentrant model


 *************** function _pwm_loadBuffer_set *****************
 Defined at:
		line 39 in file "src/drv_pwm.c"
 Parameters:    Size  Location     Type
		None
 Auto vars:     Size  Location     Type
		None
 Return value:  Size  Location     Type
                  1    wreg      void 
 Registers used:
		None
 Tracked objects:
		On entry : 
		On exit  : 
		Unchanged: 
 Data sizes:     COMMON   BANK0   BANK1   BANK2
      Params:         0       0       0       0
      Locals:         0       0       0       0
      Temps:          0       0       0       0
      Totals:         0       0       0       0
Total ram usage:        0 bytes
 Hardware stack levels used:    1
 Hardware stack levels required when called:    4
 This function calls:
		Nothing
 This function is called by:
		_main
 This function uses a non-reentrant model


 *************** function _pwm_init *****************
 Defined at:
		line 3 in file "src/drv_pwm.c"
 Parameters:    Size  Location     Type
		None
 Auto vars:     Size  Location     Type
		None
 Return value:  Size  Location     Type
                  1    wreg      void 
 Registers used:
		wreg, status,2, status,0
 Tracked objects:
		On entry : 
		On exit  : 
		Unchanged: 
 Data sizes:     COMMON   BANK0   BANK1   BANK2
      Params:         0       0       0       0
      Locals:         0       0       0       0
      Temps:          0       0       0       0
      Totals:         0       0       0       0
Total ram usage:        0 bytes
 Hardware stack levels used:    1
 Hardware stack levels required when called:    4
 This function calls:
		Nothing
 This function is called by:
		_main
 This function uses a non-reentrant model


 *************** function _pwm_dutyCycle_set *****************
 Defined at:
		line 35 in file "src/drv_pwm.c"
 Parameters:    Size  Location     Type
  duty            2    0[BANK0 ] unsigned int 
 Auto vars:     Size  Location     Type
		None
 Return value:  Size  Location     Type
                  1    wreg      void 
 Registers used:
		wreg
 Tracked objects:
		On entry : 
		On exit  : 
		Unchanged: 
 Data sizes:     COMMON   BANK0   BANK1   BANK2
      Params:         0       2       0       0
      Locals:         0       0       0       0
      Temps:          0       0       0       0
      Totals:         0       2       0       0
Total ram usage:        2 bytes
 Hardware stack levels used:    1
 Hardware stack levels required when called:    4
 This function calls:
		Nothing
 This function is called by:
		_main
 This function uses a non-reentrant model


 *************** function _osc_init *****************
 Defined at:
		line 3 in file "src/drv_osc.c"
 Parameters:    Size  Location     Type
		None
 Auto vars:     Size  Location     Type
		None
 Return value:  Size  Location     Type
                  1    wreg      void 
 Registers used:
		wreg, status,2, status,0
 Tracked objects:
		On entry : 
		On exit  : 
		Unchanged: 
 Data sizes:     COMMON   BANK0   BANK1   BANK2
      Params:         0       0       0       0
      Locals:         0       0       0       0
      Temps:          0       0       0       0
      Totals:         0       0       0       0
Total ram usage:        0 bytes
 Hardware stack levels used:    1
 Hardware stack levels required when called:    4
 This function calls:
		Nothing
 This function is called by:
		_main
 This function uses a non-reentrant model


 *************** function _led_update_state *****************
 Defined at:
		line 112 in file "src/main.c"
 Parameters:    Size  Location     Type
		None
 Auto vars:     Size  Location     Type
		None
 Return value:  Size  Location     Type
                  1    wreg      void 
 Registers used:
		wreg, status,2, status,0
 Tracked objects:
		On entry : 
		On exit  : 
		Unchanged: 
 Data sizes:     COMMON   BANK0   BANK1   BANK2
      Params:         0       0       0       0
      Locals:         0       0       0       0
      Temps:          0       1       0       0
      Totals:         0       1       0       0
Total ram usage:        1 bytes
 Hardware stack levels used:    1
 Hardware stack levels required when called:    4
 This function calls:
		Nothing
 This function is called by:
		_main
 This function uses a non-reentrant model


 *************** function _gpio_init *****************
 Defined at:
		line 3 in file "src/drv_gpio.c"
 Parameters:    Size  Location     Type
		None
 Auto vars:     Size  Location     Type
		None
 Return value:  Size  Location     Type
                  1    wreg      void 
 Registers used:
		None
 Tracked objects:
		On entry : 
		On exit  : 
		Unchanged: 
 Data sizes:     COMMON   BANK0   BANK1   BANK2
      Params:         0       0       0       0
      Locals:         0       0       0       0
      Temps:          0       0       0       0
      Totals:         0       0       0       0
Total ram usage:        0 bytes
 Hardware stack levels used:    1
 Hardware stack levels required when called:    4
 This function calls:
		Nothing
 This function is called by:
		_main
 This function uses a non-reentrant model


 *************** function _adc_init *****************
 Defined at:
		line 3 in file "src/drv_adc.c"
 Parameters:    Size  Location     Type
		None
 Auto vars:     Size  Location     Type
		None
 Return value:  Size  Location     Type
                  1    wreg      void 
 Registers used:
		wreg, status,2, status,0
 Tracked objects:
		On entry : 
		On exit  : 
		Unchanged: 
 Data sizes:     COMMON   BANK0   BANK1   BANK2
      Params:         0       0       0       0
      Locals:         0       0       0       0
      Temps:          0       0       0       0
      Totals:         0       0       0       0
Total ram usage:        0 bytes
 Hardware stack levels used:    1
 Hardware stack levels required when called:    4
 This function calls:
		Nothing
 This function is called by:
		_main
 This function uses a non-reentrant model


 *************** function _adc_gather_init *****************
 Defined at:
		line 62 in file "src/main.c"
 Parameters:    Size  Location     Type
		None
 Auto vars:     Size  Location     Type
  i               1   11[BANK0 ] unsigned char 
  sum             2    9[BANK0 ] unsigned int 
 Return value:  Size  Location     Type
                  1    wreg      void 
 Registers used:
		wreg, status,2, status,0, pclath, cstack
 Tracked objects:
		On entry : 
		On exit  : 
		Unchanged: 
 Data sizes:     COMMON   BANK0   BANK1   BANK2
      Params:         0       0       0       0
      Locals:         0       3       0       0
      Temps:          0       1       0       0
      Totals:         0       4       0       0
Total ram usage:        4 bytes
 Hardware stack levels used:    1
 Hardware stack levels required when called:    5
 This function calls:
		___lwdiv
		___wmul
		_getADC
 This function is called by:
		_main
 This function uses a non-reentrant model


 *************** function ___wmul *****************
 Defined at:
		line 15 in file "D:\Program Files\Microchip\xc8\v1.44\sources\common\Umul16.c"
 Parameters:    Size  Location     Type
  multiplier      2    0[BANK0 ] unsigned int 
  multiplicand    2    2[BANK0 ] unsigned int 
 Auto vars:     Size  Location     Type
  product         2    4[BANK0 ] unsigned int 
 Return value:  Size  Location     Type
                  2    0[BANK0 ] unsigned int 
 Registers used:
		wreg, status,2, status,0
 Tracked objects:
		On entry : 
		On exit  : 
		Unchanged: 
 Data sizes:     COMMON   BANK0   BANK1   BANK2
      Params:         0       4       0       0
      Locals:         0       2       0       0
      Temps:          0       0       0       0
      Totals:         0       6       0       0
Total ram usage:        6 bytes
 Hardware stack levels used:    1
 Hardware stack levels required when called:    4
 This function calls:
		Nothing
 This function is called by:
		_adc_gather_init
		_pwm_update_duty
 This function uses a non-reentrant model


 *************** function _adc_gather *****************
 Defined at:
		line 76 in file "src/main.c"
 Parameters:    Size  Location     Type
		None
 Auto vars:     Size  Location     Type
  value_buf      20    8[BANK0 ] unsigned int [10]
  sum             2   30[BANK0 ] unsigned int 
  temp            2   28[BANK0 ] unsigned int 
  i               1   33[BANK0 ] unsigned char 
  j               1   32[BANK0 ] unsigned char 
 Return value:  Size  Location     Type
                  1    wreg      void 
 Registers used:
		wreg, fsr0l, fsr0h, fsr1l, fsr1h, status,2, status,0, pclath, cstack
 Tracked objects:
		On entry : 
		On exit  : 
		Unchanged: 
 Data sizes:     COMMON   BANK0   BANK1   BANK2
      Params:         0       0       0       0
      Locals:         0      26       0       0
      Temps:          0       4       0       0
      Totals:         0      30       0       0
Total ram usage:       30 bytes
 Hardware stack levels used:    1
 Hardware stack levels required when called:    5
 This function calls:
		_getADC
 This function is called by:
		_main
 This function uses a non-reentrant model


 *************** function _getADC *****************
 Defined at:
		line 16 in file "src/drv_adc.c"
 Parameters:    Size  Location     Type
		None
 Auto vars:     Size  Location     Type
		None
 Return value:  Size  Location     Type
                  2    0[BANK0 ] unsigned int 
 Registers used:
		wreg
 Tracked objects:
		On entry : 
		On exit  : 
		Unchanged: 
 Data sizes:     COMMON   BANK0   BANK1   BANK2
      Params:         0       2       0       0
      Locals:         0       0       0       0
      Temps:          0       2       0       0
      Totals:         0       4       0       0
Total ram usage:        4 bytes
 Hardware stack levels used:    1
 Hardware stack levels required when called:    4
 This function calls:
		Nothing
 This function is called by:
		_adc_gather_init
		_adc_gather
 This function uses a non-reentrant model


 *************** function _adc_filter *****************
 Defined at:
		line 99 in file "src/main.c"
 Parameters:    Size  Location     Type
		None
 Auto vars:     Size  Location     Type
  i               2   12[BANK0 ] unsigned int 
  sum             2   10[BANK0 ] unsigned int 
 Return value:  Size  Location     Type
                  1    wreg      void 
 Registers used:
		wreg, fsr1l, fsr1h, status,2, status,0, pclath, cstack
 Tracked objects:
		On entry : 
		On exit  : 
		Unchanged: 
 Data sizes:     COMMON   BANK0   BANK1   BANK2
      Params:         0       0       0       0
      Locals:         0       4       0       0
      Temps:          0       2       0       0
      Totals:         0       6       0       0
Total ram usage:        6 bytes
 Hardware stack levels used:    1
 Hardware stack levels required when called:    5
 This function calls:
		___lwdiv
 This function is called by:
		_main
 This function uses a non-reentrant model


 *************** function ___lwdiv *****************
 Defined at:
		line 6 in file "D:\Program Files\Microchip\xc8\v1.44\sources\common\lwdiv.c"
 Parameters:    Size  Location     Type
  divisor         2    0[BANK0 ] unsigned int 
  dividend        2    2[BANK0 ] unsigned int 
 Auto vars:     Size  Location     Type
  quotient        2    6[BANK0 ] unsigned int 
  counter         1    5[BANK0 ] unsigned char 
 Return value:  Size  Location     Type
                  2    0[BANK0 ] unsigned int 
 Registers used:
		wreg, status,2, status,0
 Tracked objects:
		On entry : 
		On exit  : 
		Unchanged: 
 Data sizes:     COMMON   BANK0   BANK1   BANK2
      Params:         0       4       0       0
      Locals:         0       3       0       0
      Temps:          0       1       0       0
      Totals:         0       8       0       0
Total ram usage:        8 bytes
 Hardware stack levels used:    1
 Hardware stack levels required when called:    4
 This function calls:
		Nothing
 This function is called by:
		_adc_gather_init
		_adc_filter
 This function uses a non-reentrant model


 *************** function _ISR *****************
 Defined at:
		line 219 in file "src/main.c"
 Parameters:    Size  Location     Type
		None
 Auto vars:     Size  Location     Type
		None
 Return value:  Size  Location     Type
                  1    wreg      void 
 Registers used:
		wreg, status,2, status,0, pclath, cstack
 Tracked objects:
		On entry : 
		On exit  : 
		Unchanged: 
 Data sizes:     COMMON   BANK0   BANK1   BANK2
      Params:         0       0       0       0
      Locals:         0       0       0       0
      Temps:          1       0       0       0
      Totals:         1       0       0       0
Total ram usage:        1 bytes
 Hardware stack levels used:    1
 Hardware stack levels required when called:    3
 This function calls:
		_tmr2_isr
 This function is called by:
		Interrupt level 1
 This function uses a non-reentrant model


 *************** function _tmr2_isr *****************
 Defined at:
		line 29 in file "src/drv_trm2.c"
 Parameters:    Size  Location     Type
		None
 Auto vars:     Size  Location     Type
		None
 Return value:  Size  Location     Type
                  1    wreg      void 
 Registers used:
		wreg, status,2, status,0, pclath, cstack
 Tracked objects:
		On entry : 
		On exit  : 
		Unchanged: 
 Data sizes:     COMMON   BANK0   BANK1   BANK2
      Params:         0       0       0       0
      Locals:         0       0       0       0
      Temps:          0       0       0       0
      Totals:         0       0       0       0
Total ram usage:        0 bytes
 Hardware stack levels used:    1
 Hardware stack levels required when called:    2
 This function calls:
		Absolute function
		_pwm_run
 This function is called by:
		_ISR
 This function uses a non-reentrant model


 *************** function _pwm_run *****************
 Defined at:
		line 150 in file "src/main.c"
 Parameters:    Size  Location     Type
		None
 Auto vars:     Size  Location     Type
		None
 Return value:  Size  Location     Type
                  1    wreg      void 
 Registers used:
		wreg, status,2, status,0, pclath, cstack
 Tracked objects:
		On entry : 
		On exit  : 
		Unchanged: 
 Data sizes:     COMMON   BANK0   BANK1   BANK2
      Params:         0       0       0       0
      Locals:         0       0       0       0
      Temps:          2       0       0       0
      Totals:         2       0       0       0
Total ram usage:        2 bytes
 Hardware stack levels used:    1
 Hardware stack levels required when called:    1
 This function calls:
		i1_pwm_dutyCycle_set
		i1_pwm_loadBuffer_set
 This function is called by:
		_set_interrupt_handle
		_tmr2_isr
 This function uses a non-reentrant model


 *************** function i1_pwm_loadBuffer_set *****************
 Defined at:
		line 39 in file "src/drv_pwm.c"
 Parameters:    Size  Location     Type
		None
 Auto vars:     Size  Location     Type
		None
 Return value:  Size  Location     Type
                  1    wreg      void 
 Registers used:
		None
 Tracked objects:
		On entry : 
		On exit  : 
		Unchanged: 
 Data sizes:     COMMON   BANK0   BANK1   BANK2
      Params:         0       0       0       0
      Locals:         0       0       0       0
      Temps:          0       0       0       0
      Totals:         0       0       0       0
Total ram usage:        0 bytes
 Hardware stack levels used:    1
 This function calls:
		Nothing
 This function is called by:
		_pwm_run
 This function uses a non-reentrant model


 *************** function i1_pwm_dutyCycle_set *****************
 Defined at:
		line 35 in file "src/drv_pwm.c"
 Parameters:    Size  Location     Type
  duty            2    0[COMMON] unsigned int 
 Auto vars:     Size  Location     Type
		None
 Return value:  Size  Location     Type
                  1    wreg      void 
 Registers used:
		wreg
 Tracked objects:
		On entry : 
		On exit  : 
		Unchanged: 
 Data sizes:     COMMON   BANK0   BANK1   BANK2
      Params:         2       0       0       0
      Locals:         0       0       0       0
      Temps:          0       0       0       0
      Totals:         2       0       0       0
Total ram usage:        2 bytes
 Hardware stack levels used:    1
 This function calls:
		Nothing
 This function is called by:
		_pwm_run
 This function uses a non-reentrant model



MODULE INFORMATION

Module		Function		Class		Link	Load	Size
src/drv_gpio.c
		_gpio_init     		CODE           	02D7	0000	14

src/drv_gpio.c estimated size: 14

src/drv_pwm.c
		_pwm_dutyCycle_set		CODE           	0305	0000	10
		_pwm_init      		CODE           	027C	0000	29
		_pwm_loadBuffer_set		CODE           	032D	0000	4

src/drv_pwm.c estimated size: 43

src/drv_adc.c
		_getADC        		CODE           	02B4	0000	22
		_adc_init      		CODE           	02C9	0000	15

src/drv_adc.c estimated size: 37

src/main.c
		_set_interrupt_handle		CODE           	030E	0000	8
		_ISR           		CODE           	0004	0000	18
		_adc_gather_init		CODE           	0135	0000	71
		_pwm_run       		CODE           	0224	0000	51
		_main          		CODE           	00E9	0000	77
		_led_update_state		CODE           	01F2	0000	51
		_adc_gather    		CODE           	002B	0000	191
		_adc_filter    		CODE           	017B	0000	67
		_pwm_update_duty		CODE           	0256	0000	39

src/main.c estimated size: 573

D:\Program Files\Microchip\xc8\v1.44\sources\common\lwdiv.c
		___lwdiv       		CODE           	01BD	0000	54

D:\Program Files\Microchip\xc8\v1.44\sources\common\lwdiv.c estimated size: 54

shared
		i1_pwm_dutyCycle_set		CODE           	0321	0000	7
		i1_pwm_loadBuffer_set		CODE           	0330	0000	4
		__initialization		CODE           	0016	0000	19

shared estimated size: 30

D:\Program Files\Microchip\xc8\v1.44\sources\common\Umul16.c
		___wmul        		CODE           	0298	0000	29

D:\Program Files\Microchip\xc8\v1.44\sources\common\Umul16.c estimated size: 29

src/drv_osc.c
		_osc_init      		CODE           	02F0	0000	12

src/drv_osc.c estimated size: 12

src/drv_trm2.c
		_tmr2_init     		CODE           	02FB	0000	11
		_tmr2_set_handler		CODE           	031B	0000	7
		_tmr2_isr      		CODE           	02E4	0000	13
		_tmr2_start    		CODE           	0327	0000	4
		_tmr2_isr_enable		CODE           	032A	0000	4

src/drv_trm2.c estimated size: 39

